{
  "accountingEnabled": false,
  "allocationPolicies": [
    {
      "budget": "5000",
      "numIntervalsLookback": 0,
      "policyType": "BALANCED"
    }
  ],
  "integration": {
    "type": "merkle"
  },
  "maxSimultaneousDistributions": 1
}
